//------------------------------------------------------------------------------
//--  Generated by TunerStudio 
//--  Date: 9-4-2026
//--  Time: 16:58
//--  This file merely records what was sent to your Controller,        
//--  and may be deleted at any time.                                                    
//--  Selected type: AFR Table 
//------------------------------------------------------------------------------

//-- generated using refTable Generator:linearGenerator
//-- Table Identifier:002//-- generated by Custom linear generator using user input data:
//-- Volts:0, 5     AFR:7.05, 22.09
//----------------------------------------------------------//
ADC 	Value 	MSVal 	volts
0	7.05	71 	0.000
1	7.06	71 	0.005
2	7.08	71 	0.010
3	7.09	71 	0.015
4	7.11	71 	0.020
5	7.12	71 	0.024
6	7.14	71 	0.029
7	7.15	72 	0.034
8	7.17	72 	0.039
9	7.18	72 	0.044
10	7.20	72 	0.049
11	7.21	72 	0.054
12	7.23	72 	0.059
13	7.24	72 	0.063
14	7.26	73 	0.068
15	7.27	73 	0.073
16	7.29	73 	0.078
17	7.30	73 	0.083
18	7.31	73 	0.088
19	7.33	73 	0.093
20	7.34	73 	0.098
21	7.36	74 	0.103
22	7.37	74 	0.107
23	7.39	74 	0.112
24	7.40	74 	0.117
25	7.42	74 	0.122
26	7.43	74 	0.127
27	7.45	74 	0.132
28	7.46	75 	0.137
29	7.48	75 	0.142
30	7.49	75 	0.146
31	7.51	75 	0.151
32	7.52	75 	0.156
33	7.53	75 	0.161
34	7.55	75 	0.166
35	7.56	76 	0.171
36	7.58	76 	0.176
37	7.59	76 	0.181
38	7.61	76 	0.186
39	7.62	76 	0.190
40	7.64	76 	0.195
41	7.65	77 	0.200
42	7.67	77 	0.205
43	7.68	77 	0.210
44	7.70	77 	0.215
45	7.71	77 	0.220
46	7.73	77 	0.225
47	7.74	77 	0.229
48	7.76	78 	0.234
49	7.77	78 	0.239
50	7.78	78 	0.244
51	7.80	78 	0.249
52	7.81	78 	0.254
53	7.83	78 	0.259
54	7.84	78 	0.264
55	7.86	79 	0.269
56	7.87	79 	0.273
57	7.89	79 	0.278
58	7.90	79 	0.283
59	7.92	79 	0.288
60	7.93	79 	0.293
61	7.95	79 	0.298
62	7.96	80 	0.303
63	7.98	80 	0.308
64	7.99	80 	0.313
65	8.00	80 	0.317
66	8.02	80 	0.322
67	8.03	80 	0.327
68	8.05	80 	0.332
69	8.06	81 	0.337
70	8.08	81 	0.342
71	8.09	81 	0.347
72	8.11	81 	0.352
73	8.12	81 	0.356
74	8.14	81 	0.361
75	8.15	82 	0.366
76	8.17	82 	0.371
77	8.18	82 	0.376
78	8.20	82 	0.381
79	8.21	82 	0.386
80	8.23	82 	0.391
81	8.24	82 	0.396
82	8.25	83 	0.400
83	8.27	83 	0.405
84	8.28	83 	0.410
85	8.30	83 	0.415
86	8.31	83 	0.420
87	8.33	83 	0.425
88	8.34	83 	0.430
89	8.36	84 	0.435
90	8.37	84 	0.439
91	8.39	84 	0.444
92	8.40	84 	0.449
93	8.42	84 	0.454
94	8.43	84 	0.459
95	8.45	84 	0.464
96	8.46	85 	0.469
97	8.47	85 	0.474
98	8.49	85 	0.479
99	8.50	85 	0.483
100	8.52	85 	0.488
101	8.53	85 	0.493
102	8.55	85 	0.498
103	8.56	86 	0.503
104	8.58	86 	0.508
105	8.59	86 	0.513
106	8.61	86 	0.518
107	8.62	86 	0.522
108	8.64	86 	0.527
109	8.65	87 	0.532
110	8.67	87 	0.537
111	8.68	87 	0.542
112	8.70	87 	0.547
113	8.71	87 	0.552
114	8.72	87 	0.557
115	8.74	87 	0.562
116	8.75	88 	0.566
117	8.77	88 	0.571
118	8.78	88 	0.576
119	8.80	88 	0.581
120	8.81	88 	0.586
121	8.83	88 	0.591
122	8.84	88 	0.596
123	8.86	89 	0.601
124	8.87	89 	0.605
125	8.89	89 	0.610
126	8.90	89 	0.615
127	8.92	89 	0.620
128	8.93	89 	0.625
129	8.94	89 	0.630
130	8.96	90 	0.635
131	8.97	90 	0.640
132	8.99	90 	0.645
133	9.00	90 	0.649
134	9.02	90 	0.654
135	9.03	90 	0.659
136	9.05	90 	0.664
137	9.06	91 	0.669
138	9.08	91 	0.674
139	9.09	91 	0.679
140	9.11	91 	0.684
141	9.12	91 	0.688
142	9.14	91 	0.693
143	9.15	92 	0.698
144	9.16	92 	0.703
145	9.18	92 	0.708
146	9.19	92 	0.713
147	9.21	92 	0.718
148	9.22	92 	0.723
149	9.24	92 	0.728
150	9.25	93 	0.732
151	9.27	93 	0.737
152	9.28	93 	0.742
153	9.30	93 	0.747
154	9.31	93 	0.752
155	9.33	93 	0.757
156	9.34	93 	0.762
157	9.36	94 	0.767
158	9.37	94 	0.771
159	9.39	94 	0.776
160	9.40	94 	0.781
161	9.41	94 	0.786
162	9.43	94 	0.791
163	9.44	94 	0.796
164	9.46	95 	0.801
165	9.47	95 	0.806
166	9.49	95 	0.811
167	9.50	95 	0.815
168	9.52	95 	0.820
169	9.53	95 	0.825
170	9.55	95 	0.830
171	9.56	96 	0.835
172	9.58	96 	0.840
173	9.59	96 	0.845
174	9.61	96 	0.850
175	9.62	96 	0.854
176	9.64	96 	0.859
177	9.65	96 	0.864
178	9.66	97 	0.869
179	9.68	97 	0.874
180	9.69	97 	0.879
181	9.71	97 	0.884
182	9.72	97 	0.889
183	9.74	97 	0.894
184	9.75	98 	0.898
185	9.77	98 	0.903
186	9.78	98 	0.908
187	9.80	98 	0.913
188	9.81	98 	0.918
189	9.83	98 	0.923
190	9.84	98 	0.928
191	9.86	99 	0.933
192	9.87	99 	0.938
193	9.88	99 	0.942
194	9.90	99 	0.947
195	9.91	99 	0.952
196	9.93	99 	0.957
197	9.94	99 	0.962
198	9.96	100 	0.967
199	9.97	100 	0.972
200	9.99	100 	0.977
201	10.00	100 	0.981
202	10.02	100 	0.986
203	10.03	100 	0.991
204	10.05	100 	0.996
205	10.06	101 	1.001
206	10.08	101 	1.006
207	10.09	101 	1.011
208	10.11	101 	1.016
209	10.12	101 	1.021
210	10.13	101 	1.025
211	10.15	101 	1.030
212	10.16	102 	1.035
213	10.18	102 	1.040
214	10.19	102 	1.045
215	10.21	102 	1.050
216	10.22	102 	1.055
217	10.24	102 	1.060
218	10.25	103 	1.064
219	10.27	103 	1.069
220	10.28	103 	1.074
221	10.30	103 	1.079
222	10.31	103 	1.084
223	10.33	103 	1.089
224	10.34	103 	1.094
225	10.35	104 	1.099
226	10.37	104 	1.104
227	10.38	104 	1.108
228	10.40	104 	1.113
229	10.41	104 	1.118
230	10.43	104 	1.123
231	10.44	104 	1.128
232	10.46	105 	1.133
233	10.47	105 	1.138
234	10.49	105 	1.143
235	10.50	105 	1.147
236	10.52	105 	1.152
237	10.53	105 	1.157
238	10.55	105 	1.162
239	10.56	106 	1.167
240	10.58	106 	1.172
241	10.59	106 	1.177
242	10.60	106 	1.182
243	10.62	106 	1.187
244	10.63	106 	1.191
245	10.65	106 	1.196
246	10.66	107 	1.201
247	10.68	107 	1.206
248	10.69	107 	1.211
249	10.71	107 	1.216
250	10.72	107 	1.221
251	10.74	107 	1.226
252	10.75	108 	1.230
253	10.77	108 	1.235
254	10.78	108 	1.240
255	10.80	108 	1.245
256	10.81	108 	1.250
257	10.82	108 	1.255
258	10.84	108 	1.260
259	10.85	109 	1.265
260	10.87	109 	1.270
261	10.88	109 	1.274
262	10.90	109 	1.279
263	10.91	109 	1.284
264	10.93	109 	1.289
265	10.94	109 	1.294
266	10.96	110 	1.299
267	10.97	110 	1.304
268	10.99	110 	1.309
269	11.00	110 	1.313
270	11.02	110 	1.318
271	11.03	110 	1.323
272	11.05	110 	1.328
273	11.06	111 	1.333
274	11.07	111 	1.338
275	11.09	111 	1.343
276	11.10	111 	1.348
277	11.12	111 	1.353
278	11.13	111 	1.357
279	11.15	111 	1.362
280	11.16	112 	1.367
281	11.18	112 	1.372
282	11.19	112 	1.377
283	11.21	112 	1.382
284	11.22	112 	1.387
285	11.24	112 	1.392
286	11.25	113 	1.396
287	11.27	113 	1.401
288	11.28	113 	1.406
289	11.29	113 	1.411
290	11.31	113 	1.416
291	11.32	113 	1.421
292	11.34	113 	1.426
293	11.35	114 	1.431
294	11.37	114 	1.436
295	11.38	114 	1.440
296	11.40	114 	1.445
297	11.41	114 	1.450
298	11.43	114 	1.455
299	11.44	114 	1.460
300	11.46	115 	1.465
301	11.47	115 	1.470
302	11.49	115 	1.475
303	11.50	115 	1.479
304	11.52	115 	1.484
305	11.53	115 	1.489
306	11.54	115 	1.494
307	11.56	116 	1.499
308	11.57	116 	1.504
309	11.59	116 	1.509
310	11.60	116 	1.514
311	11.62	116 	1.519
312	11.63	116 	1.523
313	11.65	116 	1.528
314	11.66	117 	1.533
315	11.68	117 	1.538
316	11.69	117 	1.543
317	11.71	117 	1.548
318	11.72	117 	1.553
319	11.74	117 	1.558
320	11.75	118 	1.563
321	11.76	118 	1.567
322	11.78	118 	1.572
323	11.79	118 	1.577
324	11.81	118 	1.582
325	11.82	118 	1.587
326	11.84	118 	1.592
327	11.85	119 	1.597
328	11.87	119 	1.602
329	11.88	119 	1.606
330	11.90	119 	1.611
331	11.91	119 	1.616
332	11.93	119 	1.621
333	11.94	119 	1.626
334	11.96	120 	1.631
335	11.97	120 	1.636
336	11.99	120 	1.641
337	12.00	120 	1.646
338	12.01	120 	1.650
339	12.03	120 	1.655
340	12.04	120 	1.660
341	12.06	121 	1.665
342	12.07	121 	1.670
343	12.09	121 	1.675
344	12.10	121 	1.680
345	12.12	121 	1.685
346	12.13	121 	1.689
347	12.15	121 	1.694
348	12.16	122 	1.699
349	12.18	122 	1.704
350	12.19	122 	1.709
351	12.21	122 	1.714
352	12.22	122 	1.719
353	12.23	122 	1.724
354	12.25	122 	1.729
355	12.26	123 	1.733
356	12.28	123 	1.738
357	12.29	123 	1.743
358	12.31	123 	1.748
359	12.32	123 	1.753
360	12.34	123 	1.758
361	12.35	124 	1.763
362	12.37	124 	1.768
363	12.38	124 	1.772
364	12.40	124 	1.777
365	12.41	124 	1.782
366	12.43	124 	1.787
367	12.44	124 	1.792
368	12.46	125 	1.797
369	12.47	125 	1.802
370	12.48	125 	1.807
371	12.50	125 	1.812
372	12.51	125 	1.816
373	12.53	125 	1.821
374	12.54	125 	1.826
375	12.56	126 	1.831
376	12.57	126 	1.836
377	12.59	126 	1.841
378	12.60	126 	1.846
379	12.62	126 	1.851
380	12.63	126 	1.855
381	12.65	126 	1.860
382	12.66	127 	1.865
383	12.68	127 	1.870
384	12.69	127 	1.875
385	12.70	127 	1.880
386	12.72	127 	1.885
387	12.73	127 	1.890
388	12.75	127 	1.895
389	12.76	128 	1.899
390	12.78	128 	1.904
391	12.79	128 	1.909
392	12.81	128 	1.914
393	12.82	128 	1.919
394	12.84	128 	1.924
395	12.85	129 	1.929
396	12.87	129 	1.934
397	12.88	129 	1.938
398	12.90	129 	1.943
399	12.91	129 	1.948
400	12.93	129 	1.953
401	12.94	129 	1.958
402	12.95	130 	1.963
403	12.97	130 	1.968
404	12.98	130 	1.973
405	13.00	130 	1.978
406	13.01	130 	1.982
407	13.03	130 	1.987
408	13.04	130 	1.992
409	13.06	131 	1.997
410	13.07	131 	2.002
411	13.09	131 	2.007
412	13.10	131 	2.012
413	13.12	131 	2.017
414	13.13	131 	2.021
415	13.15	131 	2.026
416	13.16	132 	2.031
417	13.17	132 	2.036
418	13.19	132 	2.041
419	13.20	132 	2.046
420	13.22	132 	2.051
421	13.23	132 	2.056
422	13.25	132 	2.061
423	13.26	133 	2.065
424	13.28	133 	2.070
425	13.29	133 	2.075
426	13.31	133 	2.080
427	13.32	133 	2.085
428	13.34	133 	2.090
429	13.35	134 	2.095
430	13.37	134 	2.100
431	13.38	134 	2.104
432	13.40	134 	2.109
433	13.41	134 	2.114
434	13.42	134 	2.119
435	13.44	134 	2.124
436	13.45	135 	2.129
437	13.47	135 	2.134
438	13.48	135 	2.139
439	13.50	135 	2.144
440	13.51	135 	2.148
441	13.53	135 	2.153
442	13.54	135 	2.158
443	13.56	136 	2.163
444	13.57	136 	2.168
445	13.59	136 	2.173
446	13.60	136 	2.178
447	13.62	136 	2.183
448	13.63	136 	2.188
449	13.64	136 	2.192
450	13.66	137 	2.197
451	13.67	137 	2.202
452	13.69	137 	2.207
453	13.70	137 	2.212
454	13.72	137 	2.217
455	13.73	137 	2.222
456	13.75	137 	2.227
457	13.76	138 	2.231
458	13.78	138 	2.236
459	13.79	138 	2.241
460	13.81	138 	2.246
461	13.82	138 	2.251
462	13.84	138 	2.256
463	13.85	139 	2.261
464	13.87	139 	2.266
465	13.88	139 	2.271
466	13.89	139 	2.275
467	13.91	139 	2.280
468	13.92	139 	2.285
469	13.94	139 	2.290
470	13.95	140 	2.295
471	13.97	140 	2.300
472	13.98	140 	2.305
473	14.00	140 	2.310
474	14.01	140 	2.314
475	14.03	140 	2.319
476	14.04	140 	2.324
477	14.06	141 	2.329
478	14.07	141 	2.334
479	14.09	141 	2.339
480	14.10	141 	2.344
481	14.11	141 	2.349
482	14.13	141 	2.354
483	14.14	141 	2.358
484	14.16	142 	2.363
485	14.17	142 	2.368
486	14.19	142 	2.373
487	14.20	142 	2.378
488	14.22	142 	2.383
489	14.23	142 	2.388
490	14.25	142 	2.393
491	14.26	143 	2.397
492	14.28	143 	2.402
493	14.29	143 	2.407
494	14.31	143 	2.412
495	14.32	143 	2.417
496	14.34	143 	2.422
497	14.35	143 	2.427
498	14.36	144 	2.432
499	14.38	144 	2.437
500	14.39	144 	2.441
501	14.41	144 	2.446
502	14.42	144 	2.451
503	14.44	144 	2.456
504	14.45	145 	2.461
505	14.47	145 	2.466
506	14.48	145 	2.471
507	14.50	145 	2.476
508	14.51	145 	2.480
509	14.53	145 	2.485
510	14.54	145 	2.490
511	14.56	146 	2.495
512	14.57	146 	2.500
513	14.58	146 	2.505
514	14.60	146 	2.510
515	14.61	146 	2.515
516	14.63	146 	2.520
517	14.64	146 	2.524
518	14.66	147 	2.529
519	14.67	147 	2.534
520	14.69	147 	2.539
521	14.70	147 	2.544
522	14.72	147 	2.549
523	14.73	147 	2.554
524	14.75	147 	2.559
525	14.76	148 	2.563
526	14.78	148 	2.568
527	14.79	148 	2.573
528	14.81	148 	2.578
529	14.82	148 	2.583
530	14.83	148 	2.588
531	14.85	148 	2.593
532	14.86	149 	2.598
533	14.88	149 	2.603
534	14.89	149 	2.607
535	14.91	149 	2.612
536	14.92	149 	2.617
537	14.94	149 	2.622
538	14.95	150 	2.627
539	14.97	150 	2.632
540	14.98	150 	2.637
541	15.00	150 	2.642
542	15.01	150 	2.646
543	15.03	150 	2.651
544	15.04	150 	2.656
545	15.05	151 	2.661
546	15.07	151 	2.666
547	15.08	151 	2.671
548	15.10	151 	2.676
549	15.11	151 	2.681
550	15.13	151 	2.686
551	15.14	151 	2.690
552	15.16	152 	2.695
553	15.17	152 	2.700
554	15.19	152 	2.705
555	15.20	152 	2.710
556	15.22	152 	2.715
557	15.23	152 	2.720
558	15.25	152 	2.725
559	15.26	153 	2.729
560	15.27	153 	2.734
561	15.29	153 	2.739
562	15.30	153 	2.744
563	15.32	153 	2.749
564	15.33	153 	2.754
565	15.35	153 	2.759
566	15.36	154 	2.764
567	15.38	154 	2.769
568	15.39	154 	2.773
569	15.41	154 	2.778
570	15.42	154 	2.783
571	15.44	154 	2.788
572	15.45	155 	2.793
573	15.47	155 	2.798
574	15.48	155 	2.803
575	15.50	155 	2.808
576	15.51	155 	2.813
577	15.52	155 	2.817
578	15.54	155 	2.822
579	15.55	156 	2.827
580	15.57	156 	2.832
581	15.58	156 	2.837
582	15.60	156 	2.842
583	15.61	156 	2.847
584	15.63	156 	2.852
585	15.64	156 	2.856
586	15.66	157 	2.861
587	15.67	157 	2.866
588	15.69	157 	2.871
589	15.70	157 	2.876
590	15.72	157 	2.881
591	15.73	157 	2.886
592	15.75	157 	2.891
593	15.76	158 	2.896
594	15.77	158 	2.900
595	15.79	158 	2.905
596	15.80	158 	2.910
597	15.82	158 	2.915
598	15.83	158 	2.920
599	15.85	158 	2.925
600	15.86	159 	2.930
601	15.88	159 	2.935
602	15.89	159 	2.939
603	15.91	159 	2.944
604	15.92	159 	2.949
605	15.94	159 	2.954
606	15.95	160 	2.959
607	15.97	160 	2.964
608	15.98	160 	2.969
609	15.99	160 	2.974
610	16.01	160 	2.979
611	16.02	160 	2.983
612	16.04	160 	2.988
613	16.05	161 	2.993
614	16.07	161 	2.998
615	16.08	161 	3.003
616	16.10	161 	3.008
617	16.11	161 	3.013
618	16.13	161 	3.018
619	16.14	161 	3.022
620	16.16	162 	3.027
621	16.17	162 	3.032
622	16.19	162 	3.037
623	16.20	162 	3.042
624	16.22	162 	3.047
625	16.23	162 	3.052
626	16.24	162 	3.057
627	16.26	163 	3.062
628	16.27	163 	3.066
629	16.29	163 	3.071
630	16.30	163 	3.076
631	16.32	163 	3.081
632	16.33	163 	3.086
633	16.35	163 	3.091
634	16.36	164 	3.096
635	16.38	164 	3.101
636	16.39	164 	3.105
637	16.41	164 	3.110
638	16.42	164 	3.115
639	16.44	164 	3.120
640	16.45	165 	3.125
641	16.46	165 	3.130
642	16.48	165 	3.135
643	16.49	165 	3.140
644	16.51	165 	3.145
645	16.52	165 	3.149
646	16.54	165 	3.154
647	16.55	166 	3.159
648	16.57	166 	3.164
649	16.58	166 	3.169
650	16.60	166 	3.174
651	16.61	166 	3.179
652	16.63	166 	3.184
653	16.64	166 	3.188
654	16.66	167 	3.193
655	16.67	167 	3.198
656	16.68	167 	3.203
657	16.70	167 	3.208
658	16.71	167 	3.213
659	16.73	167 	3.218
660	16.74	167 	3.223
661	16.76	168 	3.228
662	16.77	168 	3.232
663	16.79	168 	3.237
664	16.80	168 	3.242
665	16.82	168 	3.247
666	16.83	168 	3.252
667	16.85	168 	3.257
668	16.86	169 	3.262
669	16.88	169 	3.267
670	16.89	169 	3.271
671	16.91	169 	3.276
672	16.92	169 	3.281
673	16.93	169 	3.286
674	16.95	169 	3.291
675	16.96	170 	3.296
676	16.98	170 	3.301
677	16.99	170 	3.306
678	17.01	170 	3.311
679	17.02	170 	3.315
680	17.04	170 	3.320
681	17.05	171 	3.325
682	17.07	171 	3.330
683	17.08	171 	3.335
684	17.10	171 	3.340
685	17.11	171 	3.345
686	17.13	171 	3.350
687	17.14	171 	3.354
688	17.16	172 	3.359
689	17.17	172 	3.364
690	17.18	172 	3.369
691	17.20	172 	3.374
692	17.21	172 	3.379
693	17.23	172 	3.384
694	17.24	172 	3.389
695	17.26	173 	3.394
696	17.27	173 	3.398
697	17.29	173 	3.403
698	17.30	173 	3.408
699	17.32	173 	3.413
700	17.33	173 	3.418
701	17.35	173 	3.423
702	17.36	174 	3.428
703	17.38	174 	3.433
704	17.39	174 	3.438
705	17.40	174 	3.442
706	17.42	174 	3.447
707	17.43	174 	3.452
708	17.45	174 	3.457
709	17.46	175 	3.462
710	17.48	175 	3.467
711	17.49	175 	3.472
712	17.51	175 	3.477
713	17.52	175 	3.481
714	17.54	175 	3.486
715	17.55	176 	3.491
716	17.57	176 	3.496
717	17.58	176 	3.501
718	17.60	176 	3.506
719	17.61	176 	3.511
720	17.63	176 	3.516
721	17.64	176 	3.521
722	17.65	177 	3.525
723	17.67	177 	3.530
724	17.68	177 	3.535
725	17.70	177 	3.540
726	17.71	177 	3.545
727	17.73	177 	3.550
728	17.74	177 	3.555
729	17.76	178 	3.560
730	17.77	178 	3.564
731	17.79	178 	3.569
732	17.80	178 	3.574
733	17.82	178 	3.579
734	17.83	178 	3.584
735	17.85	178 	3.589
736	17.86	179 	3.594
737	17.87	179 	3.599
738	17.89	179 	3.604
739	17.90	179 	3.608
740	17.92	179 	3.613
741	17.93	179 	3.618
742	17.95	179 	3.623
743	17.96	180 	3.628
744	17.98	180 	3.633
745	17.99	180 	3.638
746	18.01	180 	3.643
747	18.02	180 	3.647
748	18.04	180 	3.652
749	18.05	181 	3.657
750	18.07	181 	3.662
751	18.08	181 	3.667
752	18.10	181 	3.672
753	18.11	181 	3.677
754	18.12	181 	3.682
755	18.14	181 	3.687
756	18.15	182 	3.691
757	18.17	182 	3.696
758	18.18	182 	3.701
759	18.20	182 	3.706
760	18.21	182 	3.711
761	18.23	182 	3.716
762	18.24	182 	3.721
763	18.26	183 	3.726
764	18.27	183 	3.730
765	18.29	183 	3.735
766	18.30	183 	3.740
767	18.32	183 	3.745
768	18.33	183 	3.750
769	18.34	183 	3.755
770	18.36	184 	3.760
771	18.37	184 	3.765
772	18.39	184 	3.770
773	18.40	184 	3.774
774	18.42	184 	3.779
775	18.43	184 	3.784
776	18.45	184 	3.789
777	18.46	185 	3.794
778	18.48	185 	3.799
779	18.49	185 	3.804
780	18.51	185 	3.809
781	18.52	185 	3.813
782	18.54	185 	3.818
783	18.55	186 	3.823
784	18.57	186 	3.828
785	18.58	186 	3.833
786	18.59	186 	3.838
787	18.61	186 	3.843
788	18.62	186 	3.848
789	18.64	186 	3.853
790	18.65	187 	3.857
791	18.67	187 	3.862
792	18.68	187 	3.867
793	18.70	187 	3.872
794	18.71	187 	3.877
795	18.73	187 	3.882
796	18.74	187 	3.887
797	18.76	188 	3.892
798	18.77	188 	3.896
799	18.79	188 	3.901
800	18.80	188 	3.906
801	18.81	188 	3.911
802	18.83	188 	3.916
803	18.84	188 	3.921
804	18.86	189 	3.926
805	18.87	189 	3.931
806	18.89	189 	3.936
807	18.90	189 	3.940
808	18.92	189 	3.945
809	18.93	189 	3.950
810	18.95	189 	3.955
811	18.96	190 	3.960
812	18.98	190 	3.965
813	18.99	190 	3.970
814	19.01	190 	3.975
815	19.02	190 	3.979
816	19.04	190 	3.984
817	19.05	190 	3.989
818	19.06	191 	3.994
819	19.08	191 	3.999
820	19.09	191 	4.004
821	19.11	191 	4.009
822	19.12	191 	4.014
823	19.14	191 	4.019
824	19.15	192 	4.023
825	19.17	192 	4.028
826	19.18	192 	4.033
827	19.20	192 	4.038
828	19.21	192 	4.043
829	19.23	192 	4.048
830	19.24	192 	4.053
831	19.26	193 	4.058
832	19.27	193 	4.063
833	19.28	193 	4.067
834	19.30	193 	4.072
835	19.31	193 	4.077
836	19.33	193 	4.082
837	19.34	193 	4.087
838	19.36	194 	4.092
839	19.37	194 	4.097
840	19.39	194 	4.102
841	19.40	194 	4.106
842	19.42	194 	4.111
843	19.43	194 	4.116
844	19.45	194 	4.121
845	19.46	195 	4.126
846	19.48	195 	4.131
847	19.49	195 	4.136
848	19.51	195 	4.141
849	19.52	195 	4.146
850	19.53	195 	4.150
851	19.55	195 	4.155
852	19.56	196 	4.160
853	19.58	196 	4.165
854	19.59	196 	4.170
855	19.61	196 	4.175
856	19.62	196 	4.180
857	19.64	196 	4.185
858	19.65	197 	4.189
859	19.67	197 	4.194
860	19.68	197 	4.199
861	19.70	197 	4.204
862	19.71	197 	4.209
863	19.73	197 	4.214
864	19.74	197 	4.219
865	19.75	198 	4.224
866	19.77	198 	4.229
867	19.78	198 	4.233
868	19.80	198 	4.238
869	19.81	198 	4.243
870	19.83	198 	4.248
871	19.84	198 	4.253
872	19.86	199 	4.258
873	19.87	199 	4.263
874	19.89	199 	4.268
875	19.90	199 	4.272
876	19.92	199 	4.277
877	19.93	199 	4.282
878	19.95	199 	4.287
879	19.96	200 	4.292
880	19.98	200 	4.297
881	19.99	200 	4.302
882	20.00	200 	4.307
883	20.02	200 	4.312
884	20.03	200 	4.316
885	20.05	200 	4.321
886	20.06	201 	4.326
887	20.08	201 	4.331
888	20.09	201 	4.336
889	20.11	201 	4.341
890	20.12	201 	4.346
891	20.14	201 	4.351
892	20.15	202 	4.355
893	20.17	202 	4.360
894	20.18	202 	4.365
895	20.20	202 	4.370
896	20.21	202 	4.375
897	20.22	202 	4.380
898	20.24	202 	4.385
899	20.25	203 	4.390
900	20.27	203 	4.395
901	20.28	203 	4.399
902	20.30	203 	4.404
903	20.31	203 	4.409
904	20.33	203 	4.414
905	20.34	203 	4.419
906	20.36	204 	4.424
907	20.37	204 	4.429
908	20.39	204 	4.434
909	20.40	204 	4.438
910	20.42	204 	4.443
911	20.43	204 	4.448
912	20.45	204 	4.453
913	20.46	205 	4.458
914	20.47	205 	4.463
915	20.49	205 	4.468
916	20.50	205 	4.473
917	20.52	205 	4.478
918	20.53	205 	4.482
919	20.55	205 	4.487
920	20.56	206 	4.492
921	20.58	206 	4.497
922	20.59	206 	4.502
923	20.61	206 	4.507
924	20.62	206 	4.512
925	20.64	206 	4.517
926	20.65	207 	4.521
927	20.67	207 	4.526
928	20.68	207 	4.531
929	20.69	207 	4.536
930	20.71	207 	4.541
931	20.72	207 	4.546
932	20.74	207 	4.551
933	20.75	208 	4.556
934	20.77	208 	4.561
935	20.78	208 	4.565
936	20.80	208 	4.570
937	20.81	208 	4.575
938	20.83	208 	4.580
939	20.84	208 	4.585
940	20.86	209 	4.590
941	20.87	209 	4.595
942	20.89	209 	4.600
943	20.90	209 	4.604
944	20.92	209 	4.609
945	20.93	209 	4.614
946	20.94	209 	4.619
947	20.96	210 	4.624
948	20.97	210 	4.629
949	20.99	210 	4.634
950	21.00	210 	4.639
951	21.02	210 	4.644
952	21.03	210 	4.648
953	21.05	210 	4.653
954	21.06	211 	4.658
955	21.08	211 	4.663
956	21.09	211 	4.668
957	21.11	211 	4.673
958	21.12	211 	4.678
959	21.14	211 	4.683
960	21.15	212 	4.688
961	21.16	212 	4.692
962	21.18	212 	4.697
963	21.19	212 	4.702
964	21.21	212 	4.707
965	21.22	212 	4.712
966	21.24	212 	4.717
967	21.25	213 	4.722
968	21.27	213 	4.727
969	21.28	213 	4.731
970	21.30	213 	4.736
971	21.31	213 	4.741
972	21.33	213 	4.746
973	21.34	213 	4.751
974	21.36	214 	4.756
975	21.37	214 	4.761
976	21.39	214 	4.766
977	21.40	214 	4.771
978	21.41	214 	4.775
979	21.43	214 	4.780
980	21.44	214 	4.785
981	21.46	215 	4.790
982	21.47	215 	4.795
983	21.49	215 	4.800
984	21.50	215 	4.805
985	21.52	215 	4.810
986	21.53	215 	4.814
987	21.55	215 	4.819
988	21.56	216 	4.824
989	21.58	216 	4.829
990	21.59	216 	4.834
991	21.61	216 	4.839
992	21.62	216 	4.844
993	21.63	216 	4.849
994	21.65	216 	4.854
995	21.66	217 	4.858
996	21.68	217 	4.863
997	21.69	217 	4.868
998	21.71	217 	4.873
999	21.72	217 	4.878
1000	21.74	217 	4.883
1001	21.75	218 	4.888
1002	21.77	218 	4.893
1003	21.78	218 	4.897
1004	21.80	218 	4.902
1005	21.81	218 	4.907
1006	21.83	218 	4.912
1007	21.84	218 	4.917
1008	21.86	219 	4.922
1009	21.87	219 	4.927
1010	21.88	219 	4.932
1011	21.90	219 	4.937
1012	21.91	219 	4.941
1013	21.93	219 	4.946
1014	21.94	219 	4.951
1015	21.96	220 	4.956
1016	21.97	220 	4.961
1017	21.99	220 	4.966
1018	22.00	220 	4.971
1019	22.02	220 	4.976
1020	22.03	220 	4.980
1021	22.05	220 	4.985
1022	22.06	221 	4.990
1023	22.08	221 	4.995
